Listing settled KXBTC15M markets 2026-08-02T02:12:48Z → 2026-10-01T02:12:48Z...
Found 5693 settled markets.
Downloading one-minute candles for 5693 markets (0 cached)...
  200/5693 markets
  400/5693 markets
  600/5693 markets
  800/5693 markets
  1000/5693 markets
  1200/5693 markets
  1400/5693 markets
  1600/5693 markets
  1800/5693 markets
  2000/5693 markets
  2200/5693 markets
  2400/5693 markets
  2600/5693 markets
  2800/5693 markets
  3000/5693 markets
  3200/5693 markets
  3400/5693 markets
  3600/5693 markets
  3800/5693 markets
  4000/5693 markets
  4200/5693 markets
  4400/5693 markets
  4600/5693 markets
  4800/5693 markets
  5000/5693 markets
  5200/5693 markets
  5400/5693 markets
  5600/5693 markets
  5693/5693 markets
Downloading BTC-USD one-minute prices from Coinbase...
  coinbase: 50 requests, 15000 candles so far
  coinbase: 100 requests, 30000 candles so far
  coinbase: 150 requests, 45000 candles so far
  coinbase: 200 requests, 60000 candles so far
  coinbase: 250 requests, 75000 candles so far
Saved 86595 BTC candles. Done: data
